Copyright 1986-2019 Xilinx, Inc. All Rights Reserved.
--------------------------------------------------------------------------------------------------------------------------------------------------------------------------------------------------
| Tool Version      : Vivado v.2019.2 (win64) Build 2708876 Wed Nov  6 21:40:23 MST 2019
| Date              : Sun May 17 20:02:23 2020
| Host              : Loz-Inspiron running 64-bit major release  (build 9200)
| Command           : report_bus_skew -warn_on_violation -file ultra96v2_bd_wrapper_bus_skew_routed.rpt -pb ultra96v2_bd_wrapper_bus_skew_routed.pb -rpx ultra96v2_bd_wrapper_bus_skew_routed.rpx
| Design            : ultra96v2_bd_wrapper
| Device            : xczu3eg-sbva484
| Speed File        : -1  PRODUCTION 1.26 08-13-2019
| Temperature Grade : E
--------------------------------------------------------------------------------------------------------------------------------------------------------------------------------------------------

Bus Skew Report

No bus skew constraints

