Nothing to build in platform 'ultra96v2_0'

13:58:18 **** Incremental Build of configuration Debug for project hello_ultra96v2 ****
make all 
Building file: ../src/helloworld.c
Invoking: ARM v8 gcc compiler
aarch64-none-elf-gcc -Wall -O0 -g3 -c -fmessage-length=0 -MT"src/helloworld.o" -I/home/parallels/ultra96v2_0/vitis_workspace/ultra96v2_0/export/ultra96v2_0/sw/ultra96v2_0/standalone_domain/bspinclude/include -MMD -MP -MF"src/helloworld.d" -MT"src/helloworld.o" -o "src/helloworld.o" "../src/helloworld.c"
Finished building: ../src/helloworld.c
 
Building file: ../src/platform.c
Invoking: ARM v8 gcc compiler
aarch64-none-elf-gcc -Wall -O0 -g3 -c -fmessage-length=0 -MT"src/platform.o" -I/home/parallels/ultra96v2_0/vitis_workspace/ultra96v2_0/export/ultra96v2_0/sw/ultra96v2_0/standalone_domain/bspinclude/include -MMD -MP -MF"src/platform.d" -MT"src/platform.o" -o "src/platform.o" "../src/platform.c"
Finished building: ../src/platform.c
 
Building target: hello_ultra96v2.elf
Invoking: ARM v8 gcc linker
aarch64-none-elf-gcc -Wl,-T -Wl,../src/lscript.ld -L/home/parallels/ultra96v2_0/vitis_workspace/ultra96v2_0/export/ultra96v2_0/sw/ultra96v2_0/standalone_domain/bsplib/lib -o "hello_ultra96v2.elf"  ./src/helloworld.o ./src/platform.o   -Wl,--start-group,-lxil,-lgcc,-lc,--end-group
Finished building target: hello_ultra96v2.elf
 
Invoking: ARM v8 Print Size
aarch64-none-elf-size hello_ultra96v2.elf  |tee "hello_ultra96v2.elf.size"
   text	   data	    bss	    dec	    hex	filename
  33652	   2472	  20632	  56756	   ddb4	hello_ultra96v2.elf
Finished building: hello_ultra96v2.elf.size
 
13:58:19 **** Incremental Build of configuration Debug for project hello_ultra96v2_system ****
make all 
Generating bif file for the system project
Executing command '::scw::generate_bif -xpfm /home/parallels/ultra96v2_0/vitis_workspace/ultra96v2_0/export/ultra96v2_0/ultra96v2_0.xpfm -domains standalone_domain -bifpath /home/parallels/ultra96v2_0/vitis_workspace/hello_ultra96v2_system/Debug/system.bif' on XSCT
sdcard_gen --xpfm /home/parallels/ultra96v2_0/vitis_workspace/ultra96v2_0/export/ultra96v2_0/ultra96v2_0.xpfm --sys_config ultra96v2_0 --bif /home/parallels/ultra96v2_0/vitis_workspace/hello_ultra96v2_system/Debug/system.bif --bitstream /home/parallels/ultra96v2_0/vitis_workspace/hello_ultra96v2/_ide/bitstream/ultra96v2_top.bit --elf /home/parallels/ultra96v2_0/vitis_workspace/hello_ultra96v2/Debug/hello_ultra96v2.elf,psu_cortexa53_0
creating BOOT.BIN using /home/parallels/ultra96v2_0/vitis_workspace/hello_ultra96v2/_ide/bitstream/ultra96v2_top.bit
Running /tools/Xilinx/Vitis/2019.2/bin/bootgen -arch zynqmp -image /home/parallels/ultra96v2_0/vitis_workspace/hello_ultra96v2_system/Debug/sd_card_temp/boot.bif -w -o i BOOT.BIN
